[2026-07-07T18:14:55.305Z] Plugin initialized: 0 commands []
[2026-07-07T18:14:55.314Z] Registered /subtask command
[2026-07-07T18:15:23.549Z] message-hooks: ENTRY msgCount=1, sessions=ses_0c235b16cffesRQFGDPTuH7BBY
[2026-07-07T18:15:23.549Z] message-hooks: MESSAGES: [0]user: text:"/oc aaliza y busca los archivos comprimi..."
[2026-07-07T18:15:23.549Z] message-hooks: post-filter, msgCount=1
[2026-07-07T18:15:23.549Z] message-hooks: about to search for OPENCODE_GENERIC
[2026-07-07T18:15:23.549Z] message-hooks: searching 1 messages for OPENCODE_GENERIC
[2026-07-07T18:15:23.549Z] message-hooks: generic search complete, found=false, index=-1
[2026-07-07T18:15:23.549Z] message-hooks: no generic part found, checking for pending prompt return
[2026-07-07T18:15:31.185Z] message-hooks: ENTRY msgCount=2, sessions=ses_0c235b16cffesRQFGDPTuH7BBY
[2026-07-07T18:15:31.185Z] message-hooks: MESSAGES: [0]user: text:"/oc aaliza y busca los archivos comprimi..." | [1]assistant: step-start, reasoning, tool:completed, step-finish, patch
[2026-07-07T18:15:31.185Z] message-hooks: post-filter, msgCount=2
[2026-07-07T18:15:31.185Z] message-hooks: about to search for OPENCODE_GENERIC
[2026-07-07T18:15:31.185Z] message-hooks: searching 2 messages for OPENCODE_GENERIC
[2026-07-07T18:15:31.185Z] message-hooks: generic search complete, found=false, index=-1
[2026-07-07T18:15:31.185Z] message-hooks: no generic part found, checking for pending prompt return
[2026-07-07T18:15:39.669Z] message-hooks: ENTRY msgCount=3, sessions=ses_0c235b16cffesRQFGDPTuH7BBY
[2026-07-07T18:15:39.670Z] message-hooks: MESSAGES: [0]user: text:"/oc aaliza y busca los archivos comprimi..." | [1]assistant: step-start, reasoning, tool:completed, step-finish, patch | [2]assistant: step-start, reasoning, tool:completed, tool:completed, tool:completed, step-finish, patch
[2026-07-07T18:15:39.670Z] message-hooks: post-filter, msgCount=3
[2026-07-07T18:15:39.670Z] message-hooks: about to search for OPENCODE_GENERIC
[2026-07-07T18:15:39.670Z] message-hooks: searching 3 messages for OPENCODE_GENERIC
[2026-07-07T18:15:39.670Z] message-hooks: generic search complete, found=false, index=-1
[2026-07-07T18:15:39.670Z] message-hooks: no generic part found, checking for pending prompt return
[2026-07-07T18:15:51.028Z] message-hooks: ENTRY msgCount=4, sessions=ses_0c235b16cffesRQFGDPTuH7BBY
[2026-07-07T18:15:51.028Z] message-hooks: MESSAGES: [0]user: text:"/oc aaliza y busca los archivos comprimi..." | [1]assistant: step-start, reasoning, tool:completed, step-finish, patch | [2]assistant: step-start, reasoning, tool:completed, tool:completed, tool:completed, step-finish, patch | [3]assistant: step-start, reasoning, tool:completed, tool:completed, tool:completed, tool:completed, step-finish, patch
[2026-07-07T18:15:51.028Z] message-hooks: post-filter, msgCount=4
[2026-07-07T18:15:51.028Z] message-hooks: about to search for OPENCODE_GENERIC
[2026-07-07T18:15:51.028Z] message-hooks: searching 4 messages for OPENCODE_GENERIC
[2026-07-07T18:15:51.028Z] message-hooks: generic search complete, found=false, index=-1
[2026-07-07T18:15:51.028Z] message-hooks: no generic part found, checking for pending prompt return
[2026-07-07T18:16:04.895Z] message-hooks: ENTRY msgCount=5, sessions=ses_0c235b16cffesRQFGDPTuH7BBY
[2026-07-07T18:16:04.895Z] message-hooks: MESSAGES: [0]user: text:"/oc aaliza y busca los archivos comprimi..." | [1]assistant: step-start, reasoning, tool:completed, step-finish, patch | [2]assistant: step-start, reasoning, tool:completed, tool:completed, tool:completed, step-finish, patch | [3]assistant: step-start, reasoning, tool:completed, tool:completed, tool:completed, tool:completed, step-finish, patch | [4]assistant: step-start, reasoning, tool:completed, tool:completed, tool:completed, tool:completed, step-finish, patch
[2026-07-07T18:16:04.895Z] message-hooks: post-filter, msgCount=5
[2026-07-07T18:16:04.895Z] message-hooks: about to search for OPENCODE_GENERIC
[2026-07-07T18:16:04.895Z] message-hooks: searching 5 messages for OPENCODE_GENERIC
[2026-07-07T18:16:04.895Z] message-hooks: generic search complete, found=false, index=-1
[2026-07-07T18:16:04.895Z] message-hooks: no generic part found, checking for pending prompt return
[2026-07-07T18:16:25.862Z] message-hooks: ENTRY msgCount=6, sessions=ses_0c235b16cffesRQFGDPTuH7BBY
[2026-07-07T18:16:25.862Z] message-hooks: MESSAGES: [0]user: text:"/oc aaliza y busca los archivos comprimi..." | [1]assistant: step-start, reasoning, tool:completed, step-finish, patch | [2]assistant: step-start, reasoning, tool:completed, tool:completed, tool:completed, step-finish, patch | [3]assistant: step-start, reasoning, tool:completed, tool:completed, tool:completed, tool:completed, step-finish, patch | [4]assistant: step-start, reasoning, tool:completed, tool:completed, tool:completed, tool:completed, step-finish, patch | [5]assistant: step-start, reasoning, tool:completed, tool:completed, tool:completed, tool:completed, step-finish, patch
[2026-07-07T18:16:25.862Z] message-hooks: post-filter, msgCount=6
[2026-07-07T18:16:25.862Z] message-hooks: about to search for OPENCODE_GENERIC
[2026-07-07T18:16:25.862Z] message-hooks: searching 6 messages for OPENCODE_GENERIC
[2026-07-07T18:16:25.862Z] message-hooks: generic search complete, found=false, index=-1
[2026-07-07T18:16:25.862Z] message-hooks: no generic part found, checking for pending prompt return
[2026-07-07T18:16:43.110Z] message-hooks: ENTRY msgCount=7, sessions=ses_0c235b16cffesRQFGDPTuH7BBY
[2026-07-07T18:16:43.110Z] message-hooks: MESSAGES: [0]user: text:"/oc aaliza y busca los archivos comprimi..." | [1]assistant: step-start, reasoning, tool:completed, step-finish, patch | [2]assistant: step-start, reasoning, tool:completed, tool:completed, tool:completed, step-finish, patch | [3]assistant: step-start, reasoning, tool:completed, tool:completed, tool:completed, tool:completed, step-finish, patch | [4]assistant: step-start, reasoning, tool:completed, tool:completed, tool:completed, tool:completed, step-finish, patch | [5]assistant: step-start, reasoning, tool:completed, tool:completed, tool:completed, tool:completed, step-finish, patch | [6]assistant: step-start, reasoning, tool:completed, tool:completed, tool:completed, tool:completed, tool:completed, tool:completed, step-finish, patch
[2026-07-07T18:16:43.110Z] message-hooks: post-filter, msgCount=7
[2026-07-07T18:16:43.110Z] message-hooks: about to search for OPENCODE_GENERIC
[2026-07-07T18:16:43.110Z] message-hooks: searching 7 messages for OPENCODE_GENERIC
[2026-07-07T18:16:43.110Z] message-hooks: generic search complete, found=false, index=-1
[2026-07-07T18:16:43.110Z] message-hooks: no generic part found, checking for pending prompt return
[2026-07-07T18:16:57.371Z] message-hooks: ENTRY msgCount=8, sessions=ses_0c235b16cffesRQFGDPTuH7BBY
[2026-07-07T18:16:57.371Z] message-hooks: MESSAGES: [0]user: text:"/oc aaliza y busca los archivos comprimi..." | [1]assistant: step-start, reasoning, tool:completed, step-finish, patch | [2]assistant: step-start, reasoning, tool:completed, tool:completed, tool:completed, step-finish, patch | [3]assistant: step-start, reasoning, tool:completed, tool:completed, tool:completed, tool:completed, step-finish, patch | [4]assistant: step-start, reasoning, tool:completed, tool:completed, tool:completed, tool:completed, step-finish, patch | [5]assistant: step-start, reasoning, tool:completed, tool:completed, tool:completed, tool:completed, step-finish, patch | [6]assistant: step-start, reasoning, tool:completed, tool:completed, tool:completed, tool:completed, tool:completed, tool:completed, step-finish, patch | [7]assistant: step-start, reasoning, tool:completed, tool:completed, tool:completed, step-finish, patch
[2026-07-07T18:16:57.371Z] message-hooks: post-filter, msgCount=8
[2026-07-07T18:16:57.371Z] message-hooks: about to search for OPENCODE_GENERIC
[2026-07-07T18:16:57.371Z] message-hooks: searching 8 messages for OPENCODE_GENERIC
[2026-07-07T18:16:57.371Z] message-hooks: generic search complete, found=false, index=-1
[2026-07-07T18:16:57.371Z] message-hooks: no generic part found, checking for pending prompt return
[2026-07-07T18:17:10.112Z] message-hooks: ENTRY msgCount=9, sessions=ses_0c235b16cffesRQFGDPTuH7BBY
[2026-07-07T18:17:10.112Z] message-hooks: MESSAGES: [0]user: text:"/oc aaliza y busca los archivos comprimi..." | [1]assistant: step-start, reasoning, tool:completed, step-finish, patch | [2]assistant: step-start, reasoning, tool:completed, tool:completed, tool:completed, step-finish, patch | [3]assistant: step-start, reasoning, tool:completed, tool:completed, tool:completed, tool:completed, step-finish, patch | [4]assistant: step-start, reasoning, tool:completed, tool:completed, tool:completed, tool:completed, step-finish, patch | [5]assistant: step-start, reasoning, tool:completed, tool:completed, tool:completed, tool:completed, step-finish, patch | [6]assistant: step-start, reasoning, tool:completed, tool:completed, tool:completed, tool:completed, tool:completed, tool:completed, step-finish, patch | [7]assistant: step-start, reasoning, tool:completed, tool:completed, tool:completed, step-finish, patch | [8]assistant: step-start, reasoning, tool:completed, tool:completed, tool:completed, tool:completed, tool:completed, step-finish, patch
[2026-07-07T18:17:10.112Z] message-hooks: post-filter, msgCount=9
[2026-07-07T18:17:10.112Z] message-hooks: about to search for OPENCODE_GENERIC
[2026-07-07T18:17:10.112Z] message-hooks: searching 9 messages for OPENCODE_GENERIC
[2026-07-07T18:17:10.112Z] message-hooks: generic search complete, found=false, index=-1
[2026-07-07T18:17:10.112Z] message-hooks: no generic part found, checking for pending prompt return
[2026-07-07T18:17:22.320Z] message-hooks: ENTRY msgCount=10, sessions=ses_0c235b16cffesRQFGDPTuH7BBY
[2026-07-07T18:17:22.320Z] message-hooks: MESSAGES: [0]user: text:"/oc aaliza y busca los archivos comprimi..." | [1]assistant: step-start, reasoning, tool:completed, step-finish, patch | [2]assistant: step-start, reasoning, tool:completed, tool:completed, tool:completed, step-finish, patch | [3]assistant: step-start, reasoning, tool:completed, tool:completed, tool:completed, tool:completed, step-finish, patch | [4]assistant: step-start, reasoning, tool:completed, tool:completed, tool:completed, tool:completed, step-finish, patch | [5]assistant: step-start, reasoning, tool:completed, tool:completed, tool:completed, tool:completed, step-finish, patch | [6]assistant: step-start, reasoning, tool:completed, tool:completed, tool:completed, tool:completed, tool:completed, tool:completed, step-finish, patch | [7]assistant: step-start, reasoning, tool:completed, tool:completed, tool:completed, step-finish, patch | [8]assistant: step-start, reasoning, tool:completed, tool:completed, tool:completed, tool:completed, tool:completed, step-finish, patch | [9]assistant: step-start, reasoning, tool:completed, step-finish, patch
[2026-07-07T18:17:22.320Z] message-hooks: post-filter, msgCount=10
[2026-07-07T18:17:22.320Z] message-hooks: about to search for OPENCODE_GENERIC
[2026-07-07T18:17:22.320Z] message-hooks: searching 10 messages for OPENCODE_GENERIC
[2026-07-07T18:17:22.320Z] message-hooks: generic search complete, found=false, index=-1
[2026-07-07T18:17:22.320Z] message-hooks: no generic part found, checking for pending prompt return
[2026-07-07T18:17:45.369Z] message-hooks: ENTRY msgCount=11, sessions=ses_0c235b16cffesRQFGDPTuH7BBY
[2026-07-07T18:17:45.369Z] message-hooks: MESSAGES: [0]user: text:"/oc aaliza y busca los archivos comprimi..." | [1]assistant: step-start, reasoning, tool:completed, step-finish, patch | [2]assistant: step-start, reasoning, tool:completed, tool:completed, tool:completed, step-finish, patch | [3]assistant: step-start, reasoning, tool:completed, tool:completed, tool:completed, tool:completed, step-finish, patch | [4]assistant: step-start, reasoning, tool:completed, tool:completed, tool:completed, tool:completed, step-finish, patch | [5]assistant: step-start, reasoning, tool:completed, tool:completed, tool:completed, tool:completed, step-finish, patch | [6]assistant: step-start, reasoning, tool:completed, tool:completed, tool:completed, tool:completed, tool:completed, tool:completed, step-finish, patch | [7]assistant: step-start, reasoning, tool:completed, tool:completed, tool:completed, step-finish, patch | [8]assistant: step-start, reasoning, tool:completed, tool:completed, tool:completed, tool:completed, tool:completed, step-finish, patch | [9]assistant: step-start, reasoning, tool:completed, step-finish, patch | [10]assistant: step-start, reasoning, tool:completed, tool:completed, step-finish, patch
[2026-07-07T18:17:45.369Z] message-hooks: post-filter, msgCount=11
[2026-07-07T18:17:45.369Z] message-hooks: about to search for OPENCODE_GENERIC
[2026-07-07T18:17:45.369Z] message-hooks: searching 11 messages for OPENCODE_GENERIC
[2026-07-07T18:17:45.369Z] message-hooks: generic search complete, found=false, index=-1
[2026-07-07T18:17:45.369Z] message-hooks: no generic part found, checking for pending prompt return
[2026-07-07T18:19:35.624Z] message-hooks: ENTRY msgCount=12, sessions=ses_0c235b16cffesRQFGDPTuH7BBY
[2026-07-07T18:19:35.624Z] message-hooks: MESSAGES: [0]user: text:"/oc aaliza y busca los archivos comprimi..." | [1]assistant: step-start, reasoning, tool:completed, step-finish, patch | [2]assistant: step-start, reasoning, tool:completed, tool:completed, tool:completed, step-finish, patch | [3]assistant: step-start, reasoning, tool:completed, tool:completed, tool:completed, tool:completed, step-finish, patch | [4]assistant: step-start, reasoning, tool:completed, tool:completed, tool:completed, tool:completed, step-finish, patch | [5]assistant: step-start, reasoning, tool:completed, tool:completed, tool:completed, tool:completed, step-finish, patch | [6]assistant: step-start, reasoning, tool:completed, tool:completed, tool:completed, tool:completed, tool:completed, tool:completed, step-finish, patch | [7]assistant: step-start, reasoning, tool:completed, tool:completed, tool:completed, step-finish, patch | [8]assistant: step-start, reasoning, tool:completed, tool:completed, tool:completed, tool:completed, tool:completed, step-finish, patch | [9]assistant: step-start, reasoning, tool:completed, step-finish, patch | [10]assistant: step-start, reasoning, tool:completed, tool:completed, step-finish, patch | [11]assistant: step-start, reasoning, text:"Now let me write the comprehensive Capst...", tool:completed, step-finish, patch
[2026-07-07T18:19:35.624Z] message-hooks: post-filter, msgCount=12
[2026-07-07T18:19:35.624Z] message-hooks: about to search for OPENCODE_GENERIC
[2026-07-07T18:19:35.624Z] message-hooks: searching 12 messages for OPENCODE_GENERIC
[2026-07-07T18:19:35.624Z] message-hooks: generic search complete, found=false, index=-1
[2026-07-07T18:19:35.624Z] message-hooks: no generic part found, checking for pending prompt return
[2026-07-07T18:19:41.300Z] message-hooks: ENTRY msgCount=13, sessions=ses_0c235b16cffesRQFGDPTuH7BBY
[2026-07-07T18:19:41.300Z] message-hooks: MESSAGES: [0]user: text:"/oc aaliza y busca los archivos comprimi..." | [1]assistant: step-start, reasoning, tool:completed, step-finish, patch | [2]assistant: step-start, reasoning, tool:completed, tool:completed, tool:completed, step-finish, patch | [3]assistant: step-start, reasoning, tool:completed, tool:completed, tool:completed, tool:completed, step-finish, patch | [4]assistant: step-start, reasoning, tool:completed, tool:completed, tool:completed, tool:completed, step-finish, patch | [5]assistant: step-start, reasoning, tool:completed, tool:completed, tool:completed, tool:completed, step-finish, patch | [6]assistant: step-start, reasoning, tool:completed, tool:completed, tool:completed, tool:completed, tool:completed, tool:completed, step-finish, patch | [7]assistant: step-start, reasoning, tool:completed, tool:completed, tool:completed, step-finish, patch | [8]assistant: step-start, reasoning, tool:completed, tool:completed, tool:completed, tool:completed, tool:completed, step-finish, patch | [9]assistant: step-start, reasoning, tool:completed, step-finish, patch | [10]assistant: step-start, reasoning, tool:completed, tool:completed, step-finish, patch | [11]assistant: step-start, reasoning, text:"Now let me write the comprehensive Capst...", tool:completed, step-finish, patch | [12]assistant: step-start, reasoning, tool:completed, step-finish, patch
[2026-07-07T18:19:41.300Z] message-hooks: post-filter, msgCount=13
[2026-07-07T18:19:41.300Z] message-hooks: about to search for OPENCODE_GENERIC
[2026-07-07T18:19:41.300Z] message-hooks: searching 13 messages for OPENCODE_GENERIC
[2026-07-07T18:19:41.300Z] message-hooks: generic search complete, found=false, index=-1
[2026-07-07T18:19:41.300Z] message-hooks: no generic part found, checking for pending prompt return
[2026-07-07T18:19:56.242Z] message-hooks: ENTRY msgCount=14, sessions=ses_0c235b16cffesRQFGDPTuH7BBY
[2026-07-07T18:19:56.242Z] message-hooks: MESSAGES: [0]user: text:"/oc aaliza y busca los archivos comprimi..." | [1]assistant: step-start, reasoning, tool:completed, step-finish, patch | [2]assistant: step-start, reasoning, tool:completed, tool:completed, tool:completed, step-finish, patch | [3]assistant: step-start, reasoning, tool:completed, tool:completed, tool:completed, tool:completed, step-finish, patch | [4]assistant: step-start, reasoning, tool:completed, tool:completed, tool:completed, tool:completed, step-finish, patch | [5]assistant: step-start, reasoning, tool:completed, tool:completed, tool:completed, tool:completed, step-finish, patch | [6]assistant: step-start, reasoning, tool:completed, tool:completed, tool:completed, tool:completed, tool:completed, tool:completed, step-finish, patch | [7]assistant: step-start, reasoning, tool:completed, tool:completed, tool:completed, step-finish, patch | [8]assistant: step-start, reasoning, tool:completed, tool:completed, tool:completed, tool:completed, tool:completed, step-finish, patch | [9]assistant: step-start, reasoning, tool:completed, step-finish, patch | [10]assistant: step-start, reasoning, tool:completed, tool:completed, step-finish, patch | [11]assistant: step-start, reasoning, text:"Now let me write the comprehensive Capst...", tool:completed, step-finish, patch | [12]assistant: step-start, reasoning, tool:completed, step-finish, patch | [13]assistant: step-start, reasoning, tool:completed, step-finish, patch
[2026-07-07T18:19:56.243Z] message-hooks: post-filter, msgCount=14
[2026-07-07T18:19:56.243Z] message-hooks: about to search for OPENCODE_GENERIC
[2026-07-07T18:19:56.243Z] message-hooks: searching 14 messages for OPENCODE_GENERIC
[2026-07-07T18:19:56.243Z] message-hooks: generic search complete, found=false, index=-1
[2026-07-07T18:19:56.243Z] message-hooks: no generic part found, checking for pending prompt return
[2026-07-07T18:20:06.602Z] message-hooks: ENTRY msgCount=15, sessions=ses_0c235b16cffesRQFGDPTuH7BBY
[2026-07-07T18:20:06.602Z] message-hooks: MESSAGES: [0]user: text:"/oc aaliza y busca los archivos comprimi..." | [1]assistant: step-start, reasoning, tool:completed, step-finish, patch | [2]assistant: step-start, reasoning, tool:completed, tool:completed, tool:completed, step-finish, patch | [3]assistant: step-start, reasoning, tool:completed, tool:completed, tool:completed, tool:completed, step-finish, patch | [4]assistant: step-start, reasoning, tool:completed, tool:completed, tool:completed, tool:completed, step-finish, patch | [5]assistant: step-start, reasoning, tool:completed, tool:completed, tool:completed, tool:completed, step-finish, patch | [6]assistant: step-start, reasoning, tool:completed, tool:completed, tool:completed, tool:completed, tool:completed, tool:completed, step-finish, patch | [7]assistant: step-start, reasoning, tool:completed, tool:completed, tool:completed, step-finish, patch | [8]assistant: step-start, reasoning, tool:completed, tool:completed, tool:completed, tool:completed, tool:completed, step-finish, patch | [9]assistant: step-start, reasoning, tool:completed, step-finish, patch | [10]assistant: step-start, reasoning, tool:completed, tool:completed, step-finish, patch | [11]assistant: step-start, reasoning, text:"Now let me write the comprehensive Capst...", tool:completed, step-finish, patch | [12]assistant: step-start, reasoning, tool:completed, step-finish, patch | [13]assistant: step-start, reasoning, tool:completed, step-finish, patch | [14]assistant: step-start, reasoning, tool:completed, tool:completed, step-finish, patch
[2026-07-07T18:20:06.602Z] message-hooks: post-filter, msgCount=15
[2026-07-07T18:20:06.602Z] message-hooks: about to search for OPENCODE_GENERIC
[2026-07-07T18:20:06.602Z] message-hooks: searching 15 messages for OPENCODE_GENERIC
[2026-07-07T18:20:06.602Z] message-hooks: generic search complete, found=false, index=-1
[2026-07-07T18:20:06.602Z] message-hooks: no generic part found, checking for pending prompt return
[2026-07-07T18:20:13.128Z] message-hooks: ENTRY msgCount=16, sessions=ses_0c235b16cffesRQFGDPTuH7BBY
[2026-07-07T18:20:13.128Z] message-hooks: MESSAGES: [0]user: text:"/oc aaliza y busca los archivos comprimi..." | [1]assistant: step-start, reasoning, tool:completed, step-finish, patch | [2]assistant: step-start, reasoning, tool:completed, tool:completed, tool:completed, step-finish, patch | [3]assistant: step-start, reasoning, tool:completed, tool:completed, tool:completed, tool:completed, step-finish, patch | [4]assistant: step-start, reasoning, tool:completed, tool:completed, tool:completed, tool:completed, step-finish, patch | [5]assistant: step-start, reasoning, tool:completed, tool:completed, tool:completed, tool:completed, step-finish, patch | [6]assistant: step-start, reasoning, tool:completed, tool:completed, tool:completed, tool:completed, tool:completed, tool:completed, step-finish, patch | [7]assistant: step-start, reasoning, tool:completed, tool:completed, tool:completed, step-finish, patch | [8]assistant: step-start, reasoning, tool:completed, tool:completed, tool:completed, tool:completed, tool:completed, step-finish, patch | [9]assistant: step-start, reasoning, tool:completed, step-finish, patch | [10]assistant: step-start, reasoning, tool:completed, tool:completed, step-finish, patch | [11]assistant: step-start, reasoning, text:"Now let me write the comprehensive Capst...", tool:completed, step-finish, patch | [12]assistant: step-start, reasoning, tool:completed, step-finish, patch | [13]assistant: step-start, reasoning, tool:completed, step-finish, patch | [14]assistant: step-start, reasoning, tool:completed, tool:completed, step-finish, patch | [15]assistant: step-start, reasoning, tool:completed, step-finish, patch
[2026-07-07T18:20:13.128Z] message-hooks: post-filter, msgCount=16
[2026-07-07T18:20:13.128Z] message-hooks: about to search for OPENCODE_GENERIC
[2026-07-07T18:20:13.128Z] message-hooks: searching 16 messages for OPENCODE_GENERIC
[2026-07-07T18:20:13.128Z] message-hooks: generic search complete, found=false, index=-1
[2026-07-07T18:20:13.128Z] message-hooks: no generic part found, checking for pending prompt return
[2026-07-07T18:20:30.358Z] message-hooks: ENTRY msgCount=17, sessions=ses_0c235b16cffesRQFGDPTuH7BBY
[2026-07-07T18:20:30.358Z] message-hooks: MESSAGES: [0]user: text:"/oc aaliza y busca los archivos comprimi..." | [1]assistant: step-start, reasoning, tool:completed, step-finish, patch | [2]assistant: step-start, reasoning, tool:completed, tool:completed, tool:completed, step-finish, patch | [3]assistant: step-start, reasoning, tool:completed, tool:completed, tool:completed, tool:completed, step-finish, patch | [4]assistant: step-start, reasoning, tool:completed, tool:completed, tool:completed, tool:completed, step-finish, patch | [5]assistant: step-start, reasoning, tool:completed, tool:completed, tool:completed, tool:completed, step-finish, patch | [6]assistant: step-start, reasoning, tool:completed, tool:completed, tool:completed, tool:completed, tool:completed, tool:completed, step-finish, patch | [7]assistant: step-start, reasoning, tool:completed, tool:completed, tool:completed, step-finish, patch | [8]assistant: step-start, reasoning, tool:completed, tool:completed, tool:completed, tool:completed, tool:completed, step-finish, patch | [9]assistant: step-start, reasoning, tool:completed, step-finish, patch | [10]assistant: step-start, reasoning, tool:completed, tool:completed, step-finish, patch | [11]assistant: step-start, reasoning, text:"Now let me write the comprehensive Capst...", tool:completed, step-finish, patch | [12]assistant: step-start, reasoning, tool:completed, step-finish, patch | [13]assistant: step-start, reasoning, tool:completed, step-finish, patch | [14]assistant: step-start, reasoning, tool:completed, tool:completed, step-finish, patch | [15]assistant: step-start, reasoning, tool:completed, step-finish, patch | [16]assistant: step-start, reasoning, tool:completed, tool:completed, step-finish, patch
[2026-07-07T18:20:30.358Z] message-hooks: post-filter, msgCount=17
[2026-07-07T18:20:30.358Z] message-hooks: about to search for OPENCODE_GENERIC
[2026-07-07T18:20:30.358Z] message-hooks: searching 17 messages for OPENCODE_GENERIC
[2026-07-07T18:20:30.358Z] message-hooks: generic search complete, found=false, index=-1
[2026-07-07T18:20:30.358Z] message-hooks: no generic part found, checking for pending prompt return
[2026-07-07T18:21:14.424Z] message-hooks: ENTRY msgCount=18, sessions=ses_0c235b16cffesRQFGDPTuH7BBY
[2026-07-07T18:21:14.424Z] message-hooks: MESSAGES: [0]user: text:"/oc aaliza y busca los archivos comprimi..." | [1]assistant: step-start, reasoning, tool:completed, step-finish, patch | [2]assistant: step-start, reasoning, tool:completed, tool:completed, tool:completed, step-finish, patch | [3]assistant: step-start, reasoning, tool:completed, tool:completed, tool:completed, tool:completed, step-finish, patch | [4]assistant: step-start, reasoning, tool:completed, tool:completed, tool:completed, tool:completed, step-finish, patch | [5]assistant: step-start, reasoning, tool:completed, tool:completed, tool:completed, tool:completed, step-finish, patch | [6]assistant: step-start, reasoning, tool:completed, tool:completed, tool:completed, tool:completed, tool:completed, tool:completed, step-finish, patch | [7]assistant: step-start, reasoning, tool:completed, tool:completed, tool:completed, step-finish, patch | [8]assistant: step-start, reasoning, tool:completed, tool:completed, tool:completed, tool:completed, tool:completed, step-finish, patch | [9]assistant: step-start, reasoning, tool:completed, step-finish, patch | [10]assistant: step-start, reasoning, tool:completed, tool:completed, step-finish, patch | [11]assistant: step-start, reasoning, text:"Now let me write the comprehensive Capst...", tool:completed, step-finish, patch | [12]assistant: step-start, reasoning, tool:completed, step-finish, patch | [13]assistant: step-start, reasoning, tool:completed, step-finish, patch | [14]assistant: step-start, reasoning, tool:completed, tool:completed, step-finish, patch | [15]assistant: step-start, reasoning, tool:completed, step-finish, patch | [16]assistant: step-start, reasoning, tool:completed, tool:completed, step-finish, patch | [17]assistant: step-start, reasoning, tool:completed, step-finish, patch
[2026-07-07T18:21:14.424Z] message-hooks: post-filter, msgCount=18
[2026-07-07T18:21:14.424Z] message-hooks: about to search for OPENCODE_GENERIC
[2026-07-07T18:21:14.424Z] message-hooks: searching 18 messages for OPENCODE_GENERIC
[2026-07-07T18:21:14.424Z] message-hooks: generic search complete, found=false, index=-1
[2026-07-07T18:21:14.424Z] message-hooks: no generic part found, checking for pending prompt return
[2026-07-07T18:21:54.086Z] message-hooks: ENTRY msgCount=19, sessions=ses_0c235b16cffesRQFGDPTuH7BBY
[2026-07-07T18:21:54.086Z] message-hooks: MESSAGES: [0]user: text:"/oc aaliza y busca los archivos comprimi..." | [1]assistant: step-start, reasoning, tool:completed, step-finish, patch | [2]assistant: step-start, reasoning, tool:completed, tool:completed, tool:completed, step-finish, patch | [3]assistant: step-start, reasoning, tool:completed, tool:completed, tool:completed, tool:completed, step-finish, patch | [4]assistant: step-start, reasoning, tool:completed, tool:completed, tool:completed, tool:completed, step-finish, patch | [5]assistant: step-start, reasoning, tool:completed, tool:completed, tool:completed, tool:completed, step-finish, patch | [6]assistant: step-start, reasoning, tool:completed, tool:completed, tool:completed, tool:completed, tool:completed, tool:completed, step-finish, patch | [7]assistant: step-start, reasoning, tool:completed, tool:completed, tool:completed, step-finish, patch | [8]assistant: step-start, reasoning, tool:completed, tool:completed, tool:completed, tool:completed, tool:completed, step-finish, patch | [9]assistant: step-start, reasoning, tool:completed, step-finish, patch | [10]assistant: step-start, reasoning, tool:completed, tool:completed, step-finish, patch | [11]assistant: step-start, reasoning, text:"Now let me write the comprehensive Capst...", tool:completed, step-finish, patch | [12]assistant: step-start, reasoning, tool:completed, step-finish, patch | [13]assistant: step-start, reasoning, tool:completed, step-finish, patch | [14]assistant: step-start, reasoning, tool:completed, tool:completed, step-finish, patch | [15]assistant: step-start, reasoning, tool:completed, step-finish, patch | [16]assistant: step-start, reasoning, tool:completed, tool:completed, step-finish, patch | [17]assistant: step-start, reasoning, tool:completed, step-finish, patch | [18]assistant: step-start, reasoning, tool:completed, step-finish, patch
[2026-07-07T18:21:54.086Z] message-hooks: post-filter, msgCount=19
[2026-07-07T18:21:54.086Z] message-hooks: about to search for OPENCODE_GENERIC
[2026-07-07T18:21:54.086Z] message-hooks: searching 19 messages for OPENCODE_GENERIC
[2026-07-07T18:21:54.086Z] message-hooks: generic search complete, found=false, index=-1
[2026-07-07T18:21:54.086Z] message-hooks: no generic part found, checking for pending prompt return
[2026-07-07T18:22:24.806Z] message-hooks: ENTRY msgCount=21, sessions=ses_0c235b16cffesRQFGDPTuH7BBY
[2026-07-07T18:22:24.806Z] message-hooks: MESSAGES: [0]user: text:"/oc aaliza y busca los archivos comprimi..." | [1]assistant: step-start, reasoning, tool:completed, step-finish, patch | [2]assistant: step-start, reasoning, tool:completed, tool:completed, tool:completed, step-finish, patch | [3]assistant: step-start, reasoning, tool:completed, tool:completed, tool:completed, tool:completed, step-finish, patch | [4]assistant: step-start, reasoning, tool:completed, tool:completed, tool:completed, tool:completed, step-finish, patch | [5]assistant: step-start, reasoning, tool:completed, tool:completed, tool:completed, tool:completed, step-finish, patch | [6]assistant: step-start, reasoning, tool:completed, tool:completed, tool:completed, tool:completed, tool:completed, tool:completed, step-finish, patch | [7]assistant: step-start, reasoning, tool:completed, tool:completed, tool:completed, step-finish, patch | [8]assistant: step-start, reasoning, tool:completed, tool:completed, tool:completed, tool:completed, tool:completed, step-finish, patch | [9]assistant: step-start, reasoning, tool:completed, step-finish, patch | [10]assistant: step-start, reasoning, tool:completed, tool:completed, step-finish, patch | [11]assistant: step-start, reasoning, text:"Now let me write the comprehensive Capst...", tool:completed, step-finish, patch | [12]assistant: step-start, reasoning, tool:completed, step-finish, patch | [13]assistant: step-start, reasoning, tool:completed, step-finish, patch | [14]assistant: step-start, reasoning, tool:completed, tool:completed, step-finish, patch | [15]assistant: step-start, reasoning, tool:completed, step-finish, patch | [16]assistant: step-start, reasoning, tool:completed, tool:completed, step-finish, patch | [17]assistant: step-start, reasoning, tool:completed, step-finish, patch | [18]assistant: step-start, reasoning, tool:completed, step-finish, patch | [19]assistant: step-start, reasoning, tool:completed, step-finish, patch | [20]user: text:"▣ DCP | -21.5K removed, +1.3K summary

│..."
[2026-07-07T18:22:24.806Z] message-hooks: post-filter, msgCount=21
[2026-07-07T18:22:24.806Z] message-hooks: about to search for OPENCODE_GENERIC
[2026-07-07T18:22:24.806Z] message-hooks: searching 21 messages for OPENCODE_GENERIC
[2026-07-07T18:22:24.806Z] message-hooks: generic search complete, found=false, index=-1
[2026-07-07T18:22:24.806Z] message-hooks: no generic part found, checking for pending prompt return
[2026-07-07T18:23:07.593Z] message-hooks: ENTRY msgCount=22, sessions=ses_0c235b16cffesRQFGDPTuH7BBY
[2026-07-07T18:23:07.593Z] message-hooks: MESSAGES: [0]user: text:"/oc aaliza y busca los archivos comprimi..." | [1]assistant: step-start, reasoning, tool:completed, step-finish, patch | [2]assistant: step-start, reasoning, tool:completed, tool:completed, tool:completed, step-finish, patch | [3]assistant: step-start, reasoning, tool:completed, tool:completed, tool:completed, tool:completed, step-finish, patch | [4]assistant: step-start, reasoning, tool:completed, tool:completed, tool:completed, tool:completed, step-finish, patch | [5]assistant: step-start, reasoning, tool:completed, tool:completed, tool:completed, tool:completed, step-finish, patch | [6]assistant: step-start, reasoning, tool:completed, tool:completed, tool:completed, tool:completed, tool:completed, tool:completed, step-finish, patch | [7]assistant: step-start, reasoning, tool:completed, tool:completed, tool:completed, step-finish, patch | [8]assistant: step-start, reasoning, tool:completed, tool:completed, tool:completed, tool:completed, tool:completed, step-finish, patch | [9]assistant: step-start, reasoning, tool:completed, step-finish, patch | [10]assistant: step-start, reasoning, tool:completed, tool:completed, step-finish, patch | [11]assistant: step-start, reasoning, text:"Now let me write the comprehensive Capst...", tool:completed, step-finish, patch | [12]assistant: step-start, reasoning, tool:completed, step-finish, patch | [13]assistant: step-start, reasoning, tool:completed, step-finish, patch | [14]assistant: step-start, reasoning, tool:completed, tool:completed, step-finish, patch | [15]assistant: step-start, reasoning, tool:completed, step-finish, patch | [16]assistant: step-start, reasoning, tool:completed, tool:completed, step-finish, patch | [17]assistant: step-start, reasoning, tool:completed, step-finish, patch | [18]assistant: step-start, reasoning, tool:completed, step-finish, patch | [19]assistant: step-start, reasoning, tool:completed, step-finish, patch | [20]user: text:"▣ DCP | -21.5K removed, +1.3K summary

│..." | [21]assistant: step-start, reasoning, text:"Now let me write the final comprehensive...", tool:completed, step-finish, patch
[2026-07-07T18:23:07.594Z] message-hooks: post-filter, msgCount=22
[2026-07-07T18:23:07.594Z] message-hooks: about to search for OPENCODE_GENERIC
[2026-07-07T18:23:07.594Z] message-hooks: searching 22 messages for OPENCODE_GENERIC
[2026-07-07T18:23:07.594Z] message-hooks: generic search complete, found=false, index=-1
[2026-07-07T18:23:07.594Z] message-hooks: no generic part found, checking for pending prompt return
[2026-07-07T18:23:16.405Z] message-hooks: ENTRY msgCount=23, sessions=ses_0c235b16cffesRQFGDPTuH7BBY
[2026-07-07T18:23:16.405Z] message-hooks: MESSAGES: [0]user: text:"/oc aaliza y busca los archivos comprimi..." | [1]assistant: step-start, reasoning, tool:completed, step-finish, patch | [2]assistant: step-start, reasoning, tool:completed, tool:completed, tool:completed, step-finish, patch | [3]assistant: step-start, reasoning, tool:completed, tool:completed, tool:completed, tool:completed, step-finish, patch | [4]assistant: step-start, reasoning, tool:completed, tool:completed, tool:completed, tool:completed, step-finish, patch | [5]assistant: step-start, reasoning, tool:completed, tool:completed, tool:completed, tool:completed, step-finish, patch | [6]assistant: step-start, reasoning, tool:completed, tool:completed, tool:completed, tool:completed, tool:completed, tool:completed, step-finish, patch | [7]assistant: step-start, reasoning, tool:completed, tool:completed, tool:completed, step-finish, patch | [8]assistant: step-start, reasoning, tool:completed, tool:completed, tool:completed, tool:completed, tool:completed, step-finish, patch | [9]assistant: step-start, reasoning, tool:completed, step-finish, patch | [10]assistant: step-start, reasoning, tool:completed, tool:completed, step-finish, patch | [11]assistant: step-start, reasoning, text:"Now let me write the comprehensive Capst...", tool:completed, step-finish, patch | [12]assistant: step-start, reasoning, tool:completed, step-finish, patch | [13]assistant: step-start, reasoning, tool:completed, step-finish, patch | [14]assistant: step-start, reasoning, tool:completed, tool:completed, step-finish, patch | [15]assistant: step-start, reasoning, tool:completed, step-finish, patch | [16]assistant: step-start, reasoning, tool:completed, tool:completed, step-finish, patch | [17]assistant: step-start, reasoning, tool:completed, step-finish, patch | [18]assistant: step-start, reasoning, tool:completed, step-finish, patch | [19]assistant: step-start, reasoning, tool:completed, step-finish, patch | [20]user: text:"▣ DCP | -21.5K removed, +1.3K summary

│..." | [21]assistant: step-start, reasoning, text:"Now let me write the final comprehensive...", tool:completed, step-finish, patch | [22]assistant: step-start, reasoning, tool:completed, tool:completed, step-finish, patch
[2026-07-07T18:23:16.405Z] message-hooks: post-filter, msgCount=23
[2026-07-07T18:23:16.405Z] message-hooks: about to search for OPENCODE_GENERIC
[2026-07-07T18:23:16.405Z] message-hooks: searching 23 messages for OPENCODE_GENERIC
[2026-07-07T18:23:16.405Z] message-hooks: generic search complete, found=false, index=-1
[2026-07-07T18:23:16.405Z] message-hooks: no generic part found, checking for pending prompt return
[2026-07-07T18:23:33.757Z] session.idle: sessionID=ses_0c235b16cffesRQFGDPTuH7BBY
[2026-07-07T18:23:34.007Z] message-hooks: ENTRY msgCount=25, sessions=ses_0c235b16cffesRQFGDPTuH7BBY
[2026-07-07T18:23:34.007Z] message-hooks: MESSAGES: [0]user: text:"/oc aaliza y busca los archivos comprimi..." | [1]assistant: step-start, reasoning, tool:completed, step-finish, patch | [2]assistant: step-start, reasoning, tool:completed, tool:completed, tool:completed, step-finish, patch | [3]assistant: step-start, reasoning, tool:completed, tool:completed, tool:completed, tool:completed, step-finish, patch | [4]assistant: step-start, reasoning, tool:completed, tool:completed, tool:completed, tool:completed, step-finish, patch | [5]assistant: step-start, reasoning, tool:completed, tool:completed, tool:completed, tool:completed, step-finish, patch | [6]assistant: step-start, reasoning, tool:completed, tool:completed, tool:completed, tool:completed, tool:completed, tool:completed, step-finish, patch | [7]assistant: step-start, reasoning, tool:completed, tool:completed, tool:completed, step-finish, patch | [8]assistant: step-start, reasoning, tool:completed, tool:completed, tool:completed, tool:completed, tool:completed, step-finish, patch | [9]assistant: step-start, reasoning, tool:completed, step-finish, patch | [10]assistant: step-start, reasoning, tool:completed, tool:completed, step-finish, patch | [11]assistant: step-start, reasoning, text:"Now let me write the comprehensive Capst...", tool:completed, step-finish, patch | [12]assistant: step-start, reasoning, tool:completed, step-finish, patch | [13]assistant: step-start, reasoning, tool:completed, step-finish, patch | [14]assistant: step-start, reasoning, tool:completed, tool:completed, step-finish, patch | [15]assistant: step-start, reasoning, tool:completed, step-finish, patch | [16]assistant: step-start, reasoning, tool:completed, tool:completed, step-finish, patch | [17]assistant: step-start, reasoning, tool:completed, step-finish, patch | [18]assistant: step-start, reasoning, tool:completed, step-finish, patch | [19]assistant: step-start, reasoning, tool:completed, step-finish, patch | [20]user: text:"▣ DCP | -21.5K removed, +1.3K summary

│..." | [21]assistant: step-start, reasoning, text:"Now let me write the final comprehensive...", tool:completed, step-finish, patch | [22]assistant: step-start, reasoning, tool:completed, tool:completed, step-finish, patch | [23]assistant: step-start, reasoning, text:"All tasks complete. Here's the summary:
...", step-finish, patch | [24]user: text:"Summarize the following in less than 40 ..."
[2026-07-07T18:23:34.007Z] message-hooks: post-filter, msgCount=25
[2026-07-07T18:23:34.007Z] message-hooks: about to search for OPENCODE_GENERIC
[2026-07-07T18:23:34.007Z] message-hooks: searching 25 messages for OPENCODE_GENERIC
[2026-07-07T18:23:34.007Z] message-hooks: generic search complete, found=false, index=-1
[2026-07-07T18:23:34.007Z] message-hooks: no generic part found, checking for pending prompt return
[2026-07-07T18:23:45.303Z] session.idle: sessionID=ses_0c235b16cffesRQFGDPTuH7BBY
